nvbandwidth Version: v0.7
Built from Git version: 

CUDA Runtime Version: 12040
CUDA Driver Version: 12040
Driver Version: 535.86.10

Device 0: NVIDIA H100 80GB HBM3 (00000001:00:00)
Device 1: NVIDIA H100 80GB HBM3 (00000002:00:00)
Device 2: NVIDIA H100 80GB HBM3 (00000003:00:00)
Device 3: NVIDIA H100 80GB HBM3 (00000008:00:00)
Device 4: NVIDIA H100 80GB HBM3 (00000009:00:00)
Device 5: NVIDIA H100 80GB HBM3 (0000000a:00:00)
Device 6: NVIDIA H100 80GB HBM3 (0000000b:00:00)
Device 7: NVIDIA H100 80GB HBM3 (0000000c:00:00)

Running host_to_device_memcpy_ce.
memcpy CE CPU(row) -> GPU(column) bandwidth (GB/s)
           0         1         2         3         4         5         6         7
 0     55.76     55.75     55.76     55.76     55.76     55.76     55.76     55.75

SUM host_to_device_memcpy_ce 446.06

Running device_to_host_memcpy_ce.
memcpy CE CPU(row) <- GPU(column) bandwidth (GB/s)
           0         1         2         3         4         5         6         7
 0     54.37     54.36     54.35     54.25     54.29     54.33     54.46     54.26

SUM device_to_host_memcpy_ce 434.66

Running host_to_device_bidirectional_memcpy_ce.
memcpy CE CPU(row) <-> GPU(column) bandwidth (GB/s)
           0         1         2         3         4         5         6         7
 0     52.33     52.42     52.42     52.39     52.47     52.32     52.45     52.48

SUM host_to_device_bidirectional_memcpy_ce 419.28

Running device_to_host_bidirectional_memcpy_ce.
memcpy CE CPU(row) <-> GPU(column) bandwidth (GB/s)
           0         1         2         3         4         5         6         7
 0     50.16     49.56     49.74     49.89     50.01     48.61     48.34     50.05

SUM device_to_host_bidirectional_memcpy_ce 396.38

Running device_to_device_memcpy_read_ce.
memcpy CE GPU(row) -> GPU(column) bandwidth (GB/s)
           0         1         2         3         4         5         6         7
 0       N/A    395.08    395.08    394.92    394.96    395.05    395.10    394.96
 1    394.92       N/A    394.92    395.07    395.08    394.92    395.08    395.07
 2    395.08    395.07       N/A    395.05    395.08    395.10    395.01    394.98
 3    394.92    395.08    395.08       N/A    395.01    395.03    395.14    395.01
 4    394.98    395.10    395.01    394.94       N/A    395.08    395.07    395.08
 5    395.05    395.10    394.98    395.01    394.92       N/A    394.92    395.07
 6    394.98    395.01    394.92    394.94    395.08    394.92       N/A    394.92
 7    394.99    395.10    395.01    394.98    395.08    395.05    395.08       N/A

SUM device_to_device_memcpy_read_ce 22121.28

Running device_to_device_memcpy_write_ce.
memcpy CE GPU(row) <- GPU(column) bandwidth (GB/s)
           0         1         2         3         4         5         6         7
 0       N/A    397.41    397.42    397.37    397.39    397.42    397.41    397.44
 1    397.44       N/A    397.41    397.41    397.44    397.46    397.41    397.44
 2    397.42    397.46       N/A    397.44    397.42    397.41    397.41    397.42
 3    397.42    397.48    397.41       N/A    397.42    397.42    397.46    397.44
 4    397.41    397.46    397.39    397.42       N/A    397.41    397.44    397.39
 5    397.41    397.37    397.42    397.39    397.42       N/A    397.41    397.42
 6    397.42    397.39    397.46    397.42    397.42    397.41       N/A    397.46
 7    397.41    397.41    397.39    397.41    397.42    397.42    397.39       N/A

SUM device_to_device_memcpy_write_ce 22255.52

Running device_to_device_bidirectional_memcpy_read_ce.
memcpy CE GPU(row) <-> GPU(column) Read1 bandwidth (GB/s)
           0         1         2         3         4         5         6         7
 0       N/A    390.59    390.58    390.56    390.54    390.56    390.59    390.61
 1    390.61       N/A    390.52    390.54    390.52    390.47    390.58    390.54
 2    390.77    390.61       N/A    390.59    390.52    390.50    390.68    390.54
 3    390.61    390.58    390.58       N/A    390.45    390.63    390.59    390.52
 4    390.66    390.50    390.63    390.45       N/A    390.58    390.56    390.47
 5    390.56    390.47    390.54    390.45    390.59       N/A    390.54    390.59
 6    390.59    390.54    390.61    390.59    390.58    390.58       N/A    390.59
 7    390.59    390.61    390.50    390.52    390.58    390.70    390.63       N/A

SUM device_to_device_bidirectional_memcpy_read_ce_read1 21871.82

memcpy CE GPU(row) <-> GPU(column) Read2 bandwidth (GB/s)
           0         1         2         3         4         5         6         7
 0       N/A    390.90    390.65    390.70    390.75    390.68    390.66    390.61
 1    390.54       N/A    390.56    390.77    390.50    390.49    390.59    390.68
 2    390.77    390.79       N/A    390.72    390.49    390.52    390.72    390.50
 3    390.79    390.68    390.75       N/A    390.54    390.58    390.59    390.68
 4    390.74    390.70    390.68    390.66       N/A    390.66    390.72    390.74
 5    390.72    390.70    390.59    390.65    390.65       N/A    390.65    390.68
 6    390.72    390.56    390.77    390.74    390.81    390.68       N/A    390.72
 7    390.52    390.59    390.63    390.58    390.70    390.54    390.54       N/A

SUM device_to_device_bidirectional_memcpy_read_ce_read2 21876.85

memcpy CE GPU(row) <-> GPU(column) Total bandwidth (GB/s)
           0         1         2         3         4         5         6         7
 0       N/A    781.49    781.22    781.26    781.29    781.24    781.26    781.22
 1    781.15       N/A    781.08    781.31    781.03    780.96    781.17    781.22
 2    781.54    781.40       N/A    781.31    781.01    781.03    781.40    781.05
 3    781.40    781.26    781.33       N/A    780.99    781.20    781.19    781.21
 4    781.40    781.21    781.31    781.12       N/A    781.24    781.28    781.21
 5    781.28    781.17    781.13    781.10    781.24       N/A    781.19    781.28
 6    781.31    781.10    781.38    781.33    781.38    781.26       N/A    781.31
 7    781.12    781.20    781.13    781.10    781.28    781.24    781.17       N/A

SUM device_to_device_bidirectional_memcpy_read_ce_total 43748.67

Running device_to_device_bidirectional_memcpy_write_ce.
memcpy CE GPU(row) <-> GPU(column) Write1 bandwidth (GB/s)
           0         1         2         3         4         5         6         7
 0       N/A    392.99    392.93    392.93    392.90    392.86    392.95    392.93
 1    392.93       N/A    392.97    392.95    392.90    392.88    392.95    392.86
 2    392.93    392.92       N/A    392.92    392.88    392.92    392.97    392.88
 3    392.95    392.92    392.92       N/A    392.92    392.90    392.95    392.90
 4    392.92    392.92    392.88    392.88       N/A    392.92    392.97    392.84
 5    392.95    392.88    392.93    392.93    392.90       N/A    392.95    392.90
 6    392.88    392.92    392.93    392.97    392.88    392.93       N/A    392.92
 7    392.95    392.84    392.92    392.92    392.88    392.92    393.04       N/A

SUM device_to_device_bidirectional_memcpy_write_ce_write1 22003.49

memcpy CE GPU(row) <-> GPU(column) Write2 bandwidth (GB/s)
           0         1         2         3         4         5         6         7
 0       N/A    393.10    393.04    392.92    392.95    393.08    392.97    392.95
 1    393.02       N/A    392.99    392.93    392.97    392.99    392.97    392.99
 2    393.15    393.02       N/A    393.01    393.01    392.95    393.01    392.99
 3    393.08    393.01    393.01       N/A    393.04    393.06    392.95    392.97
 4    393.08    392.97    393.01    392.97       N/A    393.06    393.04    392.95
 5    393.11    393.02    393.06    393.01    393.04       N/A    392.95    392.99
 6    393.22    393.08    393.17    393.10    393.15    393.08       N/A    393.19
 7    392.99    392.92    392.97    393.04    392.99    392.97    392.99       N/A

SUM device_to_device_bidirectional_memcpy_write_ce_write2 22009.22

memcpy CE GPU(row) <-> GPU(column) Total bandwidth (GB/s)
           0         1         2         3         4         5         6         7
 0       N/A    786.08    785.98    785.85    785.85    785.94    785.92    785.89
 1    785.96       N/A    785.96    785.89    785.87    785.87    785.92    785.85
 2    786.08    785.94       N/A    785.92    785.89    785.87    785.98    785.87
 3    786.03    785.92    785.92       N/A    785.96    785.96    785.90    785.87
 4    785.99    785.89    785.89    785.85       N/A    785.98    786.01    785.80
 5    786.07    785.90    785.99    785.94    785.94       N/A    785.90    785.89
 6    786.10    785.99    786.10    786.07    786.03    786.01       N/A    786.10
 7    785.94    785.76    785.89    785.96    785.87    785.89    786.03       N/A

SUM device_to_device_bidirectional_memcpy_write_ce_total 44012.71

Running all_to_host_memcpy_ce.
memcpy CE CPU(row) <- GPU(column) bandwidth (GB/s)
           0         1         2         3         4         5         6         7
 0     31.01     31.06     31.03     30.99     32.72     32.62     32.54     32.42

SUM all_to_host_memcpy_ce 254.38

Running all_to_host_bidirectional_memcpy_ce.
memcpy CE CPU(row) <-> GPU(column) bandwidth (GB/s)
           0         1         2         3         4         5         6         7
 0     20.81     20.80     20.88     20.88     21.38     21.27     21.32     21.32

SUM all_to_host_bidirectional_memcpy_ce 168.66

Running host_to_all_memcpy_ce.
memcpy CE CPU(row) -> GPU(column) bandwidth (GB/s)
           0         1         2         3         4         5         6         7
 0     55.73     55.73     55.71     55.73     55.72     55.72     55.73     55.73

SUM host_to_all_memcpy_ce 445.79

Running host_to_all_bidirectional_memcpy_ce.
memcpy CE CPU(row) <-> GPU(column) bandwidth (GB/s)
           0         1         2         3         4         5         6         7
 0     24.57     24.77     24.66     24.74     24.43     24.41     24.40     24.31

SUM host_to_all_bidirectional_memcpy_ce 196.29

Running all_to_one_write_ce.
memcpy CE GPU(row) <- GPU(column) bandwidth (GB/s)
           0         1         2         3         4         5         6         7
 0    399.71    399.62    399.70    399.61    399.73    399.65    399.69    399.63

SUM all_to_one_write_ce 3197.33

Running all_to_one_read_ce.
memcpy CE GPU(row) -> GPU(column) bandwidth (GB/s)
           0         1         2         3         4         5         6         7
 0    323.81    323.82    323.77    323.78    323.81    323.79    323.83    323.78

SUM all_to_one_read_ce 2590.40

Running one_to_all_write_ce.
memcpy CE GPU(row) -> GPU(column) bandwidth (GB/s)
           0         1         2         3         4         5         6         7
 0    396.17    396.18    396.18    396.37    396.36    396.15    396.14    396.15

SUM one_to_all_write_ce 3169.71

Running one_to_all_read_ce.
memcpy CE GPU(row) <- GPU(column) bandwidth (GB/s)
           0         1         2         3         4         5         6         7
 0    399.57    399.30    399.76    398.84    399.68    399.75    399.45    399.71

SUM one_to_all_read_ce 3196.06

Running host_to_device_memcpy_sm.
memcpy SM CPU(row) -> GPU(column) bandwidth (GB/s)
           0         1         2         3         4         5         6         7
 0     51.37     51.36     51.36     51.37     51.37     51.37     51.37     51.37

SUM host_to_device_memcpy_sm 410.94

Running device_to_host_memcpy_sm.
memcpy SM CPU(row) <- GPU(column) bandwidth (GB/s)
           0         1         2         3         4         5         6         7
 0     47.39     47.87     47.34     47.66     47.68     47.46     47.19     47.83

SUM device_to_host_memcpy_sm 380.42

Running host_to_device_bidirectional_memcpy_sm.
memcpy SM CPU(row) <-> GPU(column) bandwidth (GB/s)
           0         1         2         3         4         5         6         7
 0     40.89     41.00     40.96     40.80     41.24     41.27     41.24     41.26

SUM host_to_device_bidirectional_memcpy_sm 328.65

Running device_to_host_bidirectional_memcpy_sm.
memcpy SM CPU(row) <-> GPU(column) bandwidth (GB/s)
           0         1         2         3         4         5         6         7
 0     40.98     40.85     40.75     40.73     41.33     41.39     41.32     41.35

SUM device_to_host_bidirectional_memcpy_sm 328.68

Running device_to_device_memcpy_read_sm.
memcpy SM GPU(row) -> GPU(column) bandwidth (GB/s)
           0         1         2         3         4         5         6         7
 0       N/A    375.54    375.61    375.36    375.43    375.44    376.27    375.48
 1    375.44       N/A    375.25    375.46    375.44    375.41    376.20    375.28
 2    375.33    375.44       N/A    375.15    375.36    375.46    376.20    375.59
 3    375.38    375.36    375.31       N/A    375.54    375.41    376.27    375.28
 4    375.44    375.48    375.22    375.36       N/A    375.61    376.33    375.48
 5    375.38    375.41    375.48    375.30    375.40       N/A    376.24    375.43
 6    375.63    375.53    375.31    375.25    375.43    375.48       N/A    375.48
 7    375.43    375.41    375.38    375.35    375.58    375.54    376.32       N/A

SUM device_to_device_memcpy_read_sm 21029.38

Running device_to_device_memcpy_write_sm.
memcpy SM GPU(row) <- GPU(column) bandwidth (GB/s)
           0         1         2         3         4         5         6         7
 0       N/A    368.24    368.21    368.24    368.31    368.16    368.26    368.23
 1    368.37       N/A    368.24    368.21    368.20    368.40    368.28    368.37
 2    368.26    368.23       N/A    368.21    368.28    368.26    368.37    368.21
 3    368.31    368.37    368.28       N/A    368.29    367.90    368.10    368.23
 4    368.29    368.58    368.29    368.23       N/A    368.21    368.07    368.34
 5    368.40    368.37    368.35    368.43    368.16       N/A    368.26    368.40
 6    368.89    369.05    369.05    369.13    369.11    369.08       N/A    369.07
 7    368.32    368.13    368.21    368.26    368.39    368.26    368.20       N/A

SUM device_to_device_memcpy_write_sm 20628.55

Running device_to_device_bidirectional_memcpy_read_sm.
memcpy SM GPU(row) <-> GPU(column) Read1 bandwidth (GB/s)
           0         1         2         3         4         5         6         7
 0       N/A    338.31    338.36    338.12    338.15    338.20    338.95    338.32
 1    338.26       N/A    338.22    338.30    338.23    338.27    338.90    338.04
 2    338.18    338.34       N/A    338.22    338.26    338.14    338.98    338.27
 3    338.30    338.19    338.20       N/A    338.36    338.26    338.94    338.19
 4    338.10    338.04    338.16    338.11       N/A    338.36    338.98    338.28
 5    338.27    338.23    338.28    337.87    338.19       N/A    338.96    338.18
 6    338.12    338.12    338.19    338.06    338.28    338.06       N/A    338.32
 7    338.26    338.31    338.20    338.23    338.35    338.30    339.08       N/A

SUM device_to_device_bidirectional_memcpy_read_sm_read1 18945.30

memcpy SM GPU(row) <-> GPU(column) Read2 bandwidth (GB/s)
           0         1         2         3         4         5         6         7
 0       N/A    338.24    338.34    338.46    338.44    338.36    338.47    338.26
 1    338.46       N/A    338.20    338.27    338.30    338.48    338.34    338.44
 2    338.39    338.44       N/A    338.38    338.26    338.14    338.27    338.40
 3    338.27    338.30    338.20       N/A    338.50    338.44    338.24    337.95
 4    338.40    338.32    338.42    338.36       N/A    338.38    338.30    338.44
 5    338.38    338.34    338.38    338.38    338.47       N/A    338.38    338.48
 6    338.94    339.10    339.06    338.83    338.98    338.94       N/A    338.92
 7    338.46    338.26    338.54    338.34    338.26    338.46    338.23       N/A

SUM device_to_device_bidirectional_memcpy_read_sm_read2 18951.90

memcpy SM GPU(row) <-> GPU(column) Total bandwidth (GB/s)
           0         1         2         3         4         5         6         7
 0       N/A    676.55    676.70    676.58    676.59    676.56    677.42    676.58
 1    676.71       N/A    676.42    676.56    676.52    676.75    677.23    676.48
 2    676.56    676.78       N/A    676.59    676.51    676.27    677.25    676.67
 3    676.56    676.48    676.40       N/A    676.86    676.70    677.18    676.14
 4    676.50    676.36    676.58    676.47       N/A    676.74    677.27    676.72
 5    676.64    676.56    676.66    676.25    676.66       N/A    677.34    676.66
 6    677.06    677.22    677.25    676.89    677.26    676.99       N/A    677.25
 7    676.71    676.56    676.74    676.56    676.60    676.75    677.31       N/A

SUM device_to_device_bidirectional_memcpy_read_sm_total 37897.21

Running device_to_device_bidirectional_memcpy_write_sm.
memcpy SM GPU(row) <-> GPU(column) Write1 bandwidth (GB/s)
           0         1         2         3         4         5         6         7
 0       N/A    363.93    364.10    364.15    363.81    363.93    364.91    364.06
 1    363.99       N/A    364.18    363.87    364.07    363.95    364.68    364.26
 2    364.24    364.18       N/A    363.95    364.09    364.06    364.88    364.12
 3    364.09    364.04    364.01       N/A    364.09    363.99    364.83    363.99
 4    363.93    364.06    363.99    363.98       N/A    364.12    364.88    364.03
 5    364.04    363.98    363.95    364.04    364.12       N/A    364.99    364.07
 6    363.92    363.92    364.06    364.09    363.78    364.13       N/A    364.13
 7    363.87    363.93    364.07    363.96    364.13    364.07    364.86       N/A

SUM device_to_device_bidirectional_memcpy_write_sm_write1 20391.56

memcpy SM GPU(row) <-> GPU(column) Write2 bandwidth (GB/s)
           0         1         2         3         4         5         6         7
 0       N/A    364.15    364.06    363.92    364.01    363.93    363.92    363.92
 1    363.95       N/A    364.06    364.07    363.99    364.03    364.03    363.99
 2    364.07    364.10       N/A    363.99    364.03    363.95    363.99    364.10
 3    364.04    363.86    364.10       N/A    364.16    364.06    364.10    364.06
 4    364.10    363.99    364.06    364.16       N/A    364.18    364.16    364.10
 5    363.79    364.20    364.06    364.01    364.16       N/A    364.15    363.95
 6    364.95    364.85    364.75    364.58    364.68    364.82       N/A    364.94
 7    364.06    363.87    364.18    364.03    364.10    363.98    364.01       N/A

SUM device_to_device_bidirectional_memcpy_write_sm_write2 20391.53

memcpy SM GPU(row) <-> GPU(column) Total bandwidth (GB/s)
           0         1         2         3         4         5         6         7
 0       N/A    728.08    728.16    728.07    727.82    727.87    728.83    727.97
 1    727.94       N/A    728.24    727.94    728.07    727.97    728.70    728.25
 2    728.31    728.28       N/A    727.94    728.11    728.01    728.87    728.22
 3    728.13    727.90    728.11       N/A    728.25    728.05    728.93    728.05
 4    728.04    728.05    728.05    728.14       N/A    728.30    729.04    728.13
 5    727.84    728.18    728.01    728.05    728.28       N/A    729.14    728.02
 6    728.87    728.76    728.81    728.67    728.45    728.95       N/A    729.07
 7    727.93    727.80    728.25    727.99    728.24    728.05    728.87       N/A

SUM device_to_device_bidirectional_memcpy_write_sm_total 40783.09

Running all_to_host_memcpy_sm.
memcpy SM CPU(row) <- GPU(column) bandwidth (GB/s)
           0         1         2         3         4         5         6         7
 0     29.82     29.86     29.74     29.81     30.23     30.17     29.96     30.21

SUM all_to_host_memcpy_sm 239.82

Running all_to_host_bidirectional_memcpy_sm.
memcpy SM CPU(row) <-> GPU(column) bandwidth (GB/s)
           0         1         2         3         4         5         6         7
 0     40.82     40.83     40.72     40.63     39.89     39.86     39.72     39.71

SUM all_to_host_bidirectional_memcpy_sm 322.18

Running host_to_all_memcpy_sm.
memcpy SM CPU(row) -> GPU(column) bandwidth (GB/s)
           0         1         2         3         4         5         6         7
 0     51.24     51.30     51.28     51.30     51.30     51.27     51.28     51.33

SUM host_to_all_memcpy_sm 410.29

Running host_to_all_bidirectional_memcpy_sm.
memcpy SM CPU(row) <-> GPU(column) bandwidth (GB/s)
           0         1         2         3         4         5         6         7
 0     40.57     40.46     40.56     40.60     40.28     40.39     40.31     40.34

SUM host_to_all_bidirectional_memcpy_sm 323.51

Running all_to_one_write_sm.
memcpy SM GPU(row) <- GPU(column) bandwidth (GB/s)
           0         1         2         3         4         5         6         7
 0    377.30    377.22    377.39    377.27    377.23    377.28    377.36    377.15

SUM all_to_one_write_sm 3018.19

Running all_to_one_read_sm.
memcpy SM GPU(row) -> GPU(column) bandwidth (GB/s)
           0         1         2         3         4         5         6         7
 0    336.81    367.66    362.06    349.33    336.80    367.63    363.11    314.09

SUM all_to_one_read_sm 2797.50

Running one_to_all_write_sm.
memcpy SM GPU(row) -> GPU(column) bandwidth (GB/s)
           0         1         2         3         4         5         6         7
 0    314.16    314.12    336.73    314.01    336.81    362.45    337.41    362.20

SUM one_to_all_write_sm 2677.88

Running one_to_all_read_sm.
memcpy SM GPU(row) <- GPU(column) bandwidth (GB/s)
           0         1         2         3         4         5         6         7
 0    377.32    377.33    377.28    377.32    377.36    377.32    377.27    377.19

SUM one_to_all_read_sm 3018.40

Running host_device_latency_sm.
memory latency SM CPU(row) <-> GPU(column) (ns)
           0         1         2         3         4         5         6         7
 0   1212.75   1217.86   1209.60   1220.96   1171.78   1203.46   1206.98   1199.23

SUM host_device_latency_sm 9642.61

Running device_to_device_latency_sm.
Device to Device Latency SM GPU(row) <-> GPU(column) (ns)
           0         1         2         3         4         5         6         7
 0       N/A   1283.19   1288.46   1286.64   1280.65   1274.21   1270.09   1271.23
 1   1292.68       N/A   1308.24   1304.56   1303.83   1303.05   1301.17   1301.60
 2   1286.36   1292.74       N/A   1291.88   1290.91   1291.13   1289.18   1288.36
 3   1285.58   1292.54   1295.09       N/A   1289.76   1290.07   1288.77   1287.21
 4   1224.17   1230.05   1232.69   1228.71       N/A   1227.95   1225.99   1224.17
 5   1227.63   1233.46   1235.88   1231.63   1230.82       N/A   1229.58   1228.48
 6   1243.35   1249.58   1251.71   1247.80   1247.21   1246.64       N/A   1244.52
 7   1242.20   1248.51   1250.20   1246.63   1246.09   1246.36   1244.60       N/A

SUM device_to_device_latency_sm 70795.80

Running device_local_copy.
memcpy local GPU(column) bandwidth (GB/s)
           0         1         2         3         4         5         6         7
 0   1303.28   1289.78   1304.67   1304.27   1304.67   1303.68   1291.53   1290.36

SUM device_local_copy 10392.23

NOTE: The reported results may not reflect the full capabilities of the platform.
Performance can vary with software drivers, hardware clocks, and system topology.

